2026-08-16 07:25:37,628 [INFO] === PPA Tracker pipeline starting (env: PROD) ===
2026-08-16 07:25:37,633 [INFO] Loaded 1489 existing deals for dedup matching
2026-08-16 07:25:37,633 [INFO] Searching from 2026-08-16 to present with 3 loockback days
2026-08-16 07:25:37,892 [INFO] NewsAPI 'PPA signed Europe renewable': 0 results
2026-08-16 07:25:38,993 [INFO] NewsAPI 'power purchase agreement signed Europe': 0 results
2026-08-16 07:25:40,243 [INFO] NewsAPI 'corporate PPA Europe signed deal': 0 results
2026-08-16 07:25:41,475 [INFO] Google News RSS [en] https://news.google.com/rss/search?q=power%20purchase%20agreement%20signed%20Europe%20after%3A2026-08-16&hl=en&gl=US&ceid=US:en: 1 results
2026-08-16 07:25:43,735 [INFO] Google News RSS [en] https://news.google.com/rss/search?q=corporate%20PPA%20Europe%20renewable%20energy%20after%3A2026-08-16&hl=en&gl=US&ceid=US:en: 0 results
2026-08-16 07:25:45,935 [INFO] Google News RSS [de] https://news.google.com/rss/search?q=Stromliefervertrag%20unterzeichnet%20after%3A2026-08-16&hl=de&gl=DE&ceid=DE:de: 0 results
2026-08-16 07:25:48,126 [INFO] Google News RSS [de] https://news.google.com/rss/search?q=PPA%20erneuerbare%20Energie%20Deutschland%20after%3A2026-08-16&hl=de&gl=DE&ceid=DE:de: 0 results
2026-08-16 07:25:50,329 [INFO] Google News RSS [fr] https://news.google.com/rss/search?q=contrat%20d%27achat%20d%27%C3%A9lectricit%C3%A9%20sign%C3%A9%20after%3A2026-08-16&hl=fr&gl=FR&ceid=FR:fr: 0 results
2026-08-16 07:25:52,551 [INFO] Google News RSS [fr] https://news.google.com/rss/search?q=PPA%20%C3%A9nergie%20renouvelable%20France%20after%3A2026-08-16&hl=fr&gl=FR&ceid=FR:fr: 0 results
2026-08-16 07:25:54,746 [INFO] Google News RSS [es] https://news.google.com/rss/search?q=acuerdo%20de%20compra%20de%20energ%C3%ADa%20firmado%20after%3A2026-08-16&hl=es&gl=ES&ceid=ES:es: 0 results
2026-08-16 07:25:56,941 [INFO] Google News RSS [es] https://news.google.com/rss/search?q=PPA%20energ%C3%ADa%20renovable%20Espa%C3%B1a%20after%3A2026-08-16&hl=es&gl=ES&ceid=ES:es: 0 results
2026-08-16 07:25:59,131 [INFO] Google News RSS [it] https://news.google.com/rss/search?q=accordo%20di%20acquisto%20energia%20rinnovabile%20after%3A2026-08-16&hl=it&gl=IT&ceid=IT:it: 0 results
2026-08-16 07:26:01,328 [INFO] Google News RSS [it] https://news.google.com/rss/search?q=PPA%20firmato%20energia%20rinnovabile%20Italia%20after%3A2026-08-16&hl=it&gl=IT&ceid=IT:it: 0 results
2026-08-16 07:26:03,514 [INFO] Google News RSS [pl] https://news.google.com/rss/search?q=umowa%20zakupu%20energii%20podpisana%20after%3A2026-08-16&hl=pl&gl=PL&ceid=PL:pl: 0 results
2026-08-16 07:26:05,703 [INFO] Google News RSS [nl] https://news.google.com/rss/search?q=stroomafnameovereenkomst%20ondertekend%20after%3A2026-08-16&hl=nl&gl=NL&ceid=NL:nl: 0 results
2026-08-16 07:26:07,943 [INFO] Google News RSS [nl] https://news.google.com/rss/search?q=PPA%20hernieuwbare%20energie%20Nederland%20after%3A2026-08-16&hl=nl&gl=NL&ceid=NL:nl: 0 results
2026-08-16 07:26:10,160 [INFO] Google News RSS [pt] https://news.google.com/rss/search?q=acordo%20de%20compra%20de%20energia%20assinado%20after%3A2026-08-16&hl=pt&gl=PT&ceid=PT:pt: 0 results
2026-08-16 07:26:12,394 [INFO] Google News RSS [pt] https://news.google.com/rss/search?q=PPA%20energia%20renov%C3%A1vel%20Portugal%20after%3A2026-08-16&hl=pt&gl=PT&ceid=PT:pt: 0 results
2026-08-16 07:26:14,394 [INFO] Total raw articles collected: 1
2026-08-16 07:26:14,532 [INFO] Extra RSS [energymonitor.ai]: 0 results
2026-08-16 07:26:16,343 [INFO] Extra RSS [elperiodicodelaenergia.com]: 3 results
2026-08-16 07:26:17,349 [INFO] Unique unseen articles: 0
2026-08-16 07:26:17,349 [INFO] Run complete. New deals: 0, Updates: 0
2026-08-16 07:26:17,362 [INFO] CSV exported: /home/runner/work/ppa-tracker/ppa-tracker/data/ppa_deals.csv (1407 deals)
2026-08-16 07:26:18,836 [INFO] Run summary email sent to andrea.mangipinto@gmail.com
