2026-08-01 09:01:39,424 [INFO] === PPA Tracker pipeline starting (env: PROD) ===
2026-08-01 09:01:39,425 [INFO] Searching from 2026-08-01 to present with 3 loockback days
2026-08-01 09:01:39,602 [INFO] NewsAPI 'PPA signed Europe renewable': 0 results
2026-08-01 09:01:40,815 [INFO] NewsAPI 'power purchase agreement signed Europe': 0 results
2026-08-01 09:01:41,888 [INFO] NewsAPI 'corporate PPA Europe signed deal': 0 results
2026-08-01 09:01:43,271 [INFO] Google News RSS [en] https://news.google.com/rss/search?q=power%20purchase%20agreement%20signed%20Europe%20after%3A2026-08-01&hl=en&gl=US&ceid=US:en: 0 results
2026-08-01 09:01:45,497 [INFO] Google News RSS [en] https://news.google.com/rss/search?q=corporate%20PPA%20Europe%20renewable%20energy%20after%3A2026-08-01&hl=en&gl=US&ceid=US:en: 0 results
2026-08-01 09:01:47,695 [INFO] Google News RSS [de] https://news.google.com/rss/search?q=Stromliefervertrag%20unterzeichnet%20after%3A2026-08-01&hl=de&gl=DE&ceid=DE:de: 0 results
2026-08-01 09:01:49,953 [INFO] Google News RSS [de] https://news.google.com/rss/search?q=PPA%20erneuerbare%20Energie%20Deutschland%20after%3A2026-08-01&hl=de&gl=DE&ceid=DE:de: 0 results
2026-08-01 09:01:52,141 [INFO] Google News RSS [fr] https://news.google.com/rss/search?q=contrat%20d%27achat%20d%27%C3%A9lectricit%C3%A9%20sign%C3%A9%20after%3A2026-08-01&hl=fr&gl=FR&ceid=FR:fr: 0 results
2026-08-01 09:01:54,325 [INFO] Google News RSS [fr] https://news.google.com/rss/search?q=PPA%20%C3%A9nergie%20renouvelable%20France%20after%3A2026-08-01&hl=fr&gl=FR&ceid=FR:fr: 0 results
2026-08-01 09:01:56,555 [INFO] Google News RSS [es] https://news.google.com/rss/search?q=acuerdo%20de%20compra%20de%20energ%C3%ADa%20firmado%20after%3A2026-08-01&hl=es&gl=ES&ceid=ES:es: 0 results
2026-08-01 09:01:58,782 [INFO] Google News RSS [es] https://news.google.com/rss/search?q=PPA%20energ%C3%ADa%20renovable%20Espa%C3%B1a%20after%3A2026-08-01&hl=es&gl=ES&ceid=ES:es: 0 results
2026-08-01 09:02:00,948 [INFO] Google News RSS [it] https://news.google.com/rss/search?q=accordo%20di%20acquisto%20energia%20rinnovabile%20after%3A2026-08-01&hl=it&gl=IT&ceid=IT:it: 0 results
2026-08-01 09:02:03,176 [INFO] Google News RSS [it] https://news.google.com/rss/search?q=PPA%20firmato%20energia%20rinnovabile%20Italia%20after%3A2026-08-01&hl=it&gl=IT&ceid=IT:it: 0 results
2026-08-01 09:02:05,382 [INFO] Google News RSS [pl] https://news.google.com/rss/search?q=umowa%20zakupu%20energii%20podpisana%20after%3A2026-08-01&hl=pl&gl=PL&ceid=PL:pl: 0 results
2026-08-01 09:02:07,582 [INFO] Google News RSS [nl] https://news.google.com/rss/search?q=stroomafnameovereenkomst%20ondertekend%20after%3A2026-08-01&hl=nl&gl=NL&ceid=NL:nl: 0 results
2026-08-01 09:02:09,825 [INFO] Google News RSS [nl] https://news.google.com/rss/search?q=PPA%20hernieuwbare%20energie%20Nederland%20after%3A2026-08-01&hl=nl&gl=NL&ceid=NL:nl: 0 results
2026-08-01 09:02:12,053 [INFO] Google News RSS [pt] https://news.google.com/rss/search?q=acordo%20de%20compra%20de%20energia%20assinado%20after%3A2026-08-01&hl=pt&gl=PT&ceid=PT:pt: 0 results
2026-08-01 09:02:14,338 [INFO] Google News RSS [pt] https://news.google.com/rss/search?q=PPA%20energia%20renov%C3%A1vel%20Portugal%20after%3A2026-08-01&hl=pt&gl=PT&ceid=PT:pt: 0 results
2026-08-01 09:02:16,338 [INFO] Total raw articles collected: 0
2026-08-01 09:02:16,521 [INFO] Extra RSS [energymonitor.ai]: 0 results
2026-08-01 09:02:18,150 [INFO] Extra RSS [elperiodicodelaenergia.com]: 2 results
2026-08-01 09:02:19,156 [INFO] Unique unseen articles: 0
2026-08-01 09:02:19,156 [INFO] Run complete. New deals: 0, Updates: 0
2026-08-01 09:02:19,171 [INFO] CSV exported: /home/runner/work/ppa-tracker/ppa-tracker/data/ppa_deals.csv (1391 deals)
2026-08-01 09:02:20,581 [INFO] Run summary email sent to andrea.mangipinto@gmail.com
