2026-09-06 11:28:46,736 [INFO] === PPA Tracker pipeline starting (env: PROD) ===
2026-09-06 11:28:46,740 [INFO] Loaded 1518 existing deals for dedup matching
2026-09-06 11:28:46,740 [INFO] Searching from 2026-09-06 to present with 3 loockback days
2026-09-06 11:28:47,090 [INFO] NewsAPI 'PPA signed Europe renewable': 0 results
2026-09-06 11:28:48,211 [INFO] NewsAPI 'power purchase agreement signed Europe': 0 results
2026-09-06 11:28:49,471 [INFO] NewsAPI 'corporate PPA Europe signed deal': 0 results
2026-09-06 11:28:59,493 [WARNING] Google News RSS error [en] 'power purchase agreement signed Europe': 503 Server Error: Service Unavailable for url: https://news.google.com/rss/search?q=power%20purchase%20agreement%20signed%20Europe%20after%3A2026-09-06&hl=en&gl=US&ceid=US:en
2026-09-06 11:29:07,963 [WARNING] Google News RSS error [en] 'corporate PPA Europe renewable energy': 503 Server Error: Service Unavailable for url: https://news.google.com/rss/search?q=corporate%20PPA%20Europe%20renewable%20energy%20after%3A2026-09-06&hl=en&gl=US&ceid=US:en
2026-09-06 11:29:17,077 [WARNING] Google News RSS error [de] 'Stromliefervertrag unterzeichnet': 503 Server Error: Service Unavailable for url: https://news.google.com/rss/search?q=Stromliefervertrag%20unterzeichnet%20after%3A2026-09-06&hl=de&gl=DE&ceid=DE:de
2026-09-06 11:29:28,738 [WARNING] Google News RSS error [de] 'PPA erneuerbare Energie Deutschland': 503 Server Error: Service Unavailable for url: https://news.google.com/rss/search?q=PPA%20erneuerbare%20Energie%20Deutschland%20after%3A2026-09-06&hl=de&gl=DE&ceid=DE:de
2026-09-06 11:29:39,758 [WARNING] Google News RSS error [fr] 'contrat d'achat d'électricité signé': 503 Server Error: Service Unavailable for url: https://news.google.com/rss/search?q=contrat%20d%27achat%20d%27%C3%A9lectricit%C3%A9%20sign%C3%A9%20after%3A2026-09-06&hl=fr&gl=FR&ceid=FR:fr
2026-09-06 11:29:49,671 [WARNING] Google News RSS error [fr] 'PPA énergie renouvelable France': 503 Server Error: Service Unavailable for url: https://news.google.com/rss/search?q=PPA%20%C3%A9nergie%20renouvelable%20France%20after%3A2026-09-06&hl=fr&gl=FR&ceid=FR:fr
2026-09-06 11:30:01,507 [WARNING] Google News RSS error [es] 'acuerdo de compra de energía firmado': 503 Server Error: Service Unavailable for url: https://news.google.com/rss/search?q=acuerdo%20de%20compra%20de%20energ%C3%ADa%20firmado%20after%3A2026-09-06&hl=es&gl=ES&ceid=ES:es
2026-09-06 11:30:12,385 [WARNING] Google News RSS error [es] 'PPA energía renovable España': 503 Server Error: Service Unavailable for url: https://news.google.com/rss/search?q=PPA%20energ%C3%ADa%20renovable%20Espa%C3%B1a%20after%3A2026-09-06&hl=es&gl=ES&ceid=ES:es
2026-09-06 11:30:22,311 [WARNING] Google News RSS error [it] 'accordo di acquisto energia rinnovabile': 503 Server Error: Service Unavailable for url: https://news.google.com/rss/search?q=accordo%20di%20acquisto%20energia%20rinnovabile%20after%3A2026-09-06&hl=it&gl=IT&ceid=IT:it
2026-09-06 11:30:33,232 [WARNING] Google News RSS error [it] 'PPA firmato energia rinnovabile Italia': 503 Server Error: Service Unavailable for url: https://news.google.com/rss/search?q=PPA%20firmato%20energia%20rinnovabile%20Italia%20after%3A2026-09-06&hl=it&gl=IT&ceid=IT:it
2026-09-06 11:30:40,466 [WARNING] Google News RSS error [pl] 'umowa zakupu energii podpisana': 503 Server Error: Service Unavailable for url: https://news.google.com/rss/search?q=umowa%20zakupu%20energii%20podpisana%20after%3A2026-09-06&hl=pl&gl=PL&ceid=PL:pl
2026-09-06 11:30:51,035 [WARNING] Google News RSS error [nl] 'stroomafnameovereenkomst ondertekend': 503 Server Error: Service Unavailable for url: https://news.google.com/rss/search?q=stroomafnameovereenkomst%20ondertekend%20after%3A2026-09-06&hl=nl&gl=NL&ceid=NL:nl
2026-09-06 11:31:01,264 [WARNING] Google News RSS error [nl] 'PPA hernieuwbare energie Nederland': 503 Server Error: Service Unavailable for url: https://news.google.com/rss/search?q=PPA%20hernieuwbare%20energie%20Nederland%20after%3A2026-09-06&hl=nl&gl=NL&ceid=NL:nl
2026-09-06 11:31:10,434 [WARNING] Google News RSS error [pt] 'acordo de compra de energia assinado': 503 Server Error: Service Unavailable for url: https://news.google.com/rss/search?q=acordo%20de%20compra%20de%20energia%20assinado%20after%3A2026-09-06&hl=pt&gl=PT&ceid=PT:pt
2026-09-06 11:31:22,397 [WARNING] Google News RSS error [pt] 'PPA energia renovável Portugal': 503 Server Error: Service Unavailable for url: https://news.google.com/rss/search?q=PPA%20energia%20renov%C3%A1vel%20Portugal%20after%3A2026-09-06&hl=pt&gl=PT&ceid=PT:pt
2026-09-06 11:31:24,398 [INFO] Total raw articles collected: 0
2026-09-06 11:31:24,779 [INFO] Extra RSS [energymonitor.ai]: 1 results
2026-09-06 11:31:26,610 [INFO] Extra RSS [elperiodicodelaenergia.com]: 1 results
2026-09-06 11:31:27,616 [INFO] Unique unseen articles: 0
2026-09-06 11:31:27,616 [INFO] Run complete. New deals: 0, Updates: 0
2026-09-06 11:31:27,628 [INFO] CSV exported: /home/runner/work/ppa-tracker/ppa-tracker/data/ppa_deals.csv (1423 deals)
2026-09-06 11:31:29,374 [INFO] Run summary email sent to andrea.mangipinto@gmail.com
